   794.1ms (setup:1113): 2026-07-29 20:25:19
   794.3ms (setup:1114): /usr/bin/pipx install aider-chat
   794.3ms (setup:1115): pipx version is 1.8.0
   794.4ms (setup:1116): Default python interpreter is '/usr/bin/python3.14'
   804.5ms (package_name_from_spec:381): Determined package name: aider-chat
   804.6ms (package_name_from_spec:382): Package name determined in 0.0s
   806.2ms (create_venv:164): Creating virtual environment
   810.9ms (run_subprocess:175): running /usr/bin/python3.14 -m venv --without-pip /root/.local/share/pipx/venvs/aider-chat
  1231.5ms (run_subprocess:195): stdout:
  1231.7ms (run_subprocess:197): stderr:
  1231.8ms (run_subprocess:198): returncode: 0
  1243.4ms (run_subprocess:175): running /usr/bin/python3.14 -m venv --clear /root/.local/share/pipx/shared
  7581.9ms (run_subprocess:195): stdout:
  7582.6ms (run_subprocess:197): stderr:
  7582.7ms (run_subprocess:198): returncode: 0
  7598.0ms (run_subprocess:175): running <checking pip's availability>
  7727.9ms (run_subprocess:195): stdout: ModuleSpec(name='pip', loader=<_frozen_importlib_external.SourceFileLoader object at 0x77644a6050>, origin='/root/.local/share/pipx/shared/lib/python3.14/site-packages/pip/__init__.py', submodule_search_locations=['/root/.local/share/pipx/shared/lib/python3.14/site-packages/pip'])
  7728.3ms (run_subprocess:198): returncode: 0
  7739.4ms (upgrade:119): Upgrading shared libraries in /root/.local/share/pipx/shared
  7749.7ms (run_subprocess:175): running /root/.local/share/pipx/shared/bin/python -m pip --no-input --disable-pip-version-check install --force-reinstall -q --upgrade pip >= 23.1
 14334.1ms (run_subprocess:195): stdout:
 14334.5ms (run_subprocess:197): stderr:
 14334.6ms (run_subprocess:198): returncode: 0
 14340.0ms (run_subprocess:175): running /root/.local/share/pipx/venvs/aider-chat/bin/python -c import sysconfig; print(sysconfig.get_path('purelib'))
 14488.4ms (run_subprocess:195): stdout: /root/.local/share/pipx/venvs/aider-chat/lib/python3.14/site-packages
 14489.0ms (run_subprocess:198): returncode: 0
 14500.7ms (run_subprocess:175): running /root/.local/share/pipx/shared/bin/python -c import sysconfig; print(sysconfig.get_path('purelib'))
 14637.5ms (run_subprocess:195): stdout: /root/.local/share/pipx/shared/lib/python3.14/site-packages
 14638.1ms (run_subprocess:198): returncode: 0
 14652.7ms (run_subprocess:175): running /root/.local/share/pipx/venvs/aider-chat/bin/python --version
 14691.6ms (run_subprocess:195): stdout: Python 3.14.4
 14691.9ms (run_subprocess:197): stderr:
 14692.0ms (run_subprocess:198): returncode: 0
 14695.6ms (_parsed_package_to_package_or_url:139): cleaned package spec: aider-chat
 14696.0ms (install_package:247): Installing aider-chat
 14701.5ms (run_subprocess:175): running /root/.local/share/pipx/venvs/aider-chat/bin/python -m pip --no-input install aider-chat
124460.6ms (run_subprocess:198): returncode: 2
124463.2ms (subprocess_post_check_handle_pip_error:332): '/root/.local/share/pipx/venvs/aider-chat/bin/python -m pip --no-input install aider-chat' failed
124467.0ms (subprocess_post_check_handle_pip_error:347): Fatal error from pip prevented installation. Full pip output in file:
    /root/.local/state/pipx/log/cmd_2026-07-29_20.25.19_pip_errors.log
124478.1ms (analyze_pip_output:311): pip seemed to fail to build package:
    numpy==1.24.3
124481.9ms (rmdir:56): removing directory /root/.local/share/pipx/venvs/aider-chat
124523.7ms (cli:1184): PipxError: Error installing aider-chat.
Traceback (most recent call last):
  File "/usr/lib/python3/dist-packages/pipx/main.py", line 1181, in cli
    return run_pipx_command(parsed_pipx_args, subparsers)
  File "/usr/lib/python3/dist-packages/pipx/main.py", line 282, in run_pipx_command
    return commands.install(
           ~~~~~~~~~~~~~~~~^
        None,
        ^^^^^
    ...<13 lines>...
        python_flag_passed=python_flag_passed,
        ^^^^^^^^^^^^^^^^^^^^^^^^^^^^^^^^^^^^^^
    )
    ^
  File "/usr/lib/python3/dist-packages/pipx/commands/install.py", line 99, in install
    venv.install_package(
    ~~~~~~~~~~~~~~~~~~~~^
        package_name=package_name,
        ^^^^^^^^^^^^^^^^^^^^^^^^^^
    ...<5 lines>...
        suffix=suffix,
        ^^^^^^^^^^^^^^
    )
    ^
  File "/usr/lib/python3/dist-packages/pipx/venv.py", line 265, in install_package
    raise PipxError(f"Error installing {full_package_description(package_name, package_or_url)}.")
pipx.util.PipxError: Error installing aider-chat.
124552.9ms (cli:1192): pipx finished.
