   639.6ms (setup:1113): 2026-07-29 21:03:00
   639.8ms (setup:1114): /usr/bin/pipx install aider-chat
   639.8ms (setup:1115): pipx version is 1.8.0
   639.9ms (setup:1116): Default python interpreter is '/usr/bin/python3.14'
   652.2ms (package_name_from_spec:381): Determined package name: aider-chat
   652.3ms (package_name_from_spec:382): Package name determined in 0.0s
   654.0ms (create_venv:164): Creating virtual environment
   657.1ms (run_subprocess:175): running /usr/bin/python3.14 -m venv --without-pip /root/.local/share/pipx/venvs/aider-chat
  1057.1ms (run_subprocess:195): stdout:
  1057.3ms (run_subprocess:197): stderr:
  1057.4ms (run_subprocess:198): returncode: 0
  1064.9ms (run_subprocess:175): running <checking pip's availability>
  1228.9ms (run_subprocess:195): stdout: ModuleSpec(name='pip', loader=<_frozen_importlib_external.SourceFileLoader object at 0x7a38f56050>, origin='/root/.local/share/pipx/shared/lib/python3.14/site-packages/pip/__init__.py', submodule_search_locations=['/root/.local/share/pipx/shared/lib/python3.14/site-packages/pip'])
  1229.6ms (run_subprocess:198): returncode: 0
  1236.9ms (run_subprocess:175): running /root/.local/share/pipx/venvs/aider-chat/bin/python -c import sysconfig; print(sysconfig.get_path('purelib'))
  1385.3ms (run_subprocess:195): stdout: /root/.local/share/pipx/venvs/aider-chat/lib/python3.14/site-packages
  1385.7ms (run_subprocess:198): returncode: 0
  1396.6ms (run_subprocess:175): running /root/.local/share/pipx/shared/bin/python -c import sysconfig; print(sysconfig.get_path('purelib'))
  1534.1ms (run_subprocess:195): stdout: /root/.local/share/pipx/shared/lib/python3.14/site-packages
  1534.3ms (run_subprocess:198): returncode: 0
  1546.5ms (run_subprocess:175): running /root/.local/share/pipx/venvs/aider-chat/bin/python --version
  1586.8ms (run_subprocess:195): stdout: Python 3.14.4
  1587.1ms (run_subprocess:197): stderr:
  1587.2ms (run_subprocess:198): returncode: 0
  1591.2ms (_parsed_package_to_package_or_url:139): cleaned package spec: aider-chat
  1591.5ms (install_package:247): Installing aider-chat
  1598.1ms (run_subprocess:175): running /root/.local/share/pipx/venvs/aider-chat/bin/python -m pip --no-input install aider-chat
 52946.3ms (run_subprocess:198): returncode: 2
 52948.2ms (subprocess_post_check_handle_pip_error:332): '/root/.local/share/pipx/venvs/aider-chat/bin/python -m pip --no-input install aider-chat' failed
 52951.4ms (subprocess_post_check_handle_pip_error:347): Fatal error from pip prevented installation. Full pip output in file:
    /root/.local/state/pipx/log/cmd_2026-07-29_21.03.00_pip_errors.log
 52960.3ms (analyze_pip_output:311): pip seemed to fail to build package:
    numpy==1.24.3
 52962.1ms (rmdir:56): removing directory /root/.local/share/pipx/venvs/aider-chat
 52986.5ms (cli:1184): PipxError: Error installing aider-chat.
Traceback (most recent call last):
  File "/usr/lib/python3/dist-packages/pipx/main.py", line 1181, in cli
    return run_pipx_command(parsed_pipx_args, subparsers)
  File "/usr/lib/python3/dist-packages/pipx/main.py", line 282, in run_pipx_command
    return commands.install(
           ~~~~~~~~~~~~~~~~^
        None,
        ^^^^^
    ...<13 lines>...
        python_flag_passed=python_flag_passed,
        ^^^^^^^^^^^^^^^^^^^^^^^^^^^^^^^^^^^^^^
    )
    ^
  File "/usr/lib/python3/dist-packages/pipx/commands/install.py", line 99, in install
    venv.install_package(
    ~~~~~~~~~~~~~~~~~~~~^
        package_name=package_name,
        ^^^^^^^^^^^^^^^^^^^^^^^^^^
    ...<5 lines>...
        suffix=suffix,
        ^^^^^^^^^^^^^^
    )
    ^
  File "/usr/lib/python3/dist-packages/pipx/venv.py", line 265, in install_package
    raise PipxError(f"Error installing {full_package_description(package_name, package_or_url)}.")
pipx.util.PipxError: Error installing aider-chat.
 53006.4ms (cli:1192): pipx finished.
